Archive member included to satisfy reference by file (symbol)

c:/program files (x86)/atmel/studio/7.0/toolchain/avr8/avr8-gnu-toolchain/bin/../lib/gcc/avr/5.4.0/../../../../avr/lib/avr5\libm.a(addsf3.o)
                              HAL/Servo/Servo_prog.o (__addsf3)
c:/program files (x86)/atmel/studio/7.0/toolchain/avr8/avr8-gnu-toolchain/bin/../lib/gcc/avr/5.4.0/../../../../avr/lib/avr5\libm.a(addsf3x.o)
                              c:/program files (x86)/atmel/studio/7.0/toolchain/avr8/avr8-gnu-toolchain/bin/../lib/gcc/avr/5.4.0/../../../../avr/lib/avr5\libm.a(addsf3.o) (__addsf3x)
c:/program files (x86)/atmel/studio/7.0/toolchain/avr8/avr8-gnu-toolchain/bin/../lib/gcc/avr/5.4.0/../../../../avr/lib/avr5\libm.a(divsf3.o)
                              App/System.o (__divsf3)
c:/program files (x86)/atmel/studio/7.0/toolchain/avr8/avr8-gnu-toolchain/bin/../lib/gcc/avr/5.4.0/../../../../avr/lib/avr5\libm.a(divsf3x.o)
                              c:/program files (x86)/atmel/studio/7.0/toolchain/avr8/avr8-gnu-toolchain/bin/../lib/gcc/avr/5.4.0/../../../../avr/lib/avr5\libm.a(divsf3.o) (__divsf3x)
c:/program files (x86)/atmel/studio/7.0/toolchain/avr8/avr8-gnu-toolchain/bin/../lib/gcc/avr/5.4.0/../../../../avr/lib/avr5\libm.a(fixunssfsi.o)
                              App/System.o (__fixunssfsi)
c:/program files (x86)/atmel/studio/7.0/toolchain/avr8/avr8-gnu-toolchain/bin/../lib/gcc/avr/5.4.0/../../../../avr/lib/avr5\libm.a(floatsisf.o)
                              App/System.o (__floatunsisf)
c:/program files (x86)/atmel/studio/7.0/toolchain/avr8/avr8-gnu-toolchain/bin/../lib/gcc/avr/5.4.0/../../../../avr/lib/avr5\libm.a(fp_inf.o)
                              c:/program files (x86)/atmel/studio/7.0/toolchain/avr8/avr8-gnu-toolchain/bin/../lib/gcc/avr/5.4.0/../../../../avr/lib/avr5\libm.a(addsf3x.o) (__fp_inf)
c:/program files (x86)/atmel/studio/7.0/toolchain/avr8/avr8-gnu-toolchain/bin/../lib/gcc/avr/5.4.0/../../../../avr/lib/avr5\libm.a(fp_nan.o)
                              c:/program files (x86)/atmel/studio/7.0/toolchain/avr8/avr8-gnu-toolchain/bin/../lib/gcc/avr/5.4.0/../../../../avr/lib/avr5\libm.a(addsf3x.o) (__fp_nan)
c:/program files (x86)/atmel/studio/7.0/toolchain/avr8/avr8-gnu-toolchain/bin/../lib/gcc/avr/5.4.0/../../../../avr/lib/avr5\libm.a(fp_pscA.o)
                              c:/program files (x86)/atmel/studio/7.0/toolchain/avr8/avr8-gnu-toolchain/bin/../lib/gcc/avr/5.4.0/../../../../avr/lib/avr5\libm.a(addsf3x.o) (__fp_pscA)
c:/program files (x86)/atmel/studio/7.0/toolchain/avr8/avr8-gnu-toolchain/bin/../lib/gcc/avr/5.4.0/../../../../avr/lib/avr5\libm.a(fp_pscB.o)
                              c:/program files (x86)/atmel/studio/7.0/toolchain/avr8/avr8-gnu-toolchain/bin/../lib/gcc/avr/5.4.0/../../../../avr/lib/avr5\libm.a(addsf3x.o) (__fp_pscB)
c:/program files (x86)/atmel/studio/7.0/toolchain/avr8/avr8-gnu-toolchain/bin/../lib/gcc/avr/5.4.0/../../../../avr/lib/avr5\libm.a(fp_round.o)
                              c:/program files (x86)/atmel/studio/7.0/toolchain/avr8/avr8-gnu-toolchain/bin/../lib/gcc/avr/5.4.0/../../../../avr/lib/avr5\libm.a(addsf3.o) (__fp_round)
c:/program files (x86)/atmel/studio/7.0/toolchain/avr8/avr8-gnu-toolchain/bin/../lib/gcc/avr/5.4.0/../../../../avr/lib/avr5\libm.a(fp_split3.o)
                              c:/program files (x86)/atmel/studio/7.0/toolchain/avr8/avr8-gnu-toolchain/bin/../lib/gcc/avr/5.4.0/../../../../avr/lib/avr5\libm.a(addsf3x.o) (__fp_split3)
c:/program files (x86)/atmel/studio/7.0/toolchain/avr8/avr8-gnu-toolchain/bin/../lib/gcc/avr/5.4.0/../../../../avr/lib/avr5\libm.a(fp_zero.o)
                              c:/program files (x86)/atmel/studio/7.0/toolchain/avr8/avr8-gnu-toolchain/bin/../lib/gcc/avr/5.4.0/../../../../avr/lib/avr5\libm.a(addsf3x.o) (__fp_zero)
c:/program files (x86)/atmel/studio/7.0/toolchain/avr8/avr8-gnu-toolchain/bin/../lib/gcc/avr/5.4.0/../../../../avr/lib/avr5\libm.a(mulsf3.o)
                              App/System.o (__mulsf3)
c:/program files (x86)/atmel/studio/7.0/toolchain/avr8/avr8-gnu-toolchain/bin/../lib/gcc/avr/5.4.0/../../../../avr/lib/avr5\libm.a(mulsf3x.o)
                              c:/program files (x86)/atmel/studio/7.0/toolchain/avr8/avr8-gnu-toolchain/bin/../lib/gcc/avr/5.4.0/../../../../avr/lib/avr5\libm.a(mulsf3.o) (__mulsf3x)
c:/program files (x86)/atmel/studio/7.0/toolchain/avr8/avr8-gnu-toolchain/bin/../lib/gcc/avr/5.4.0/avr5\libgcc.a(_divmodhi4.o)
                              MCAL/Timer0/TIM0_prog.o (__divmodhi4)
c:/program files (x86)/atmel/studio/7.0/toolchain/avr8/avr8-gnu-toolchain/bin/../lib/gcc/avr/5.4.0/avr5\libgcc.a(_udivmodsi4.o)
                              HAL/LCD/LCD_prog.o (__udivmodsi4)
c:/program files (x86)/atmel/studio/7.0/toolchain/avr8/avr8-gnu-toolchain/bin/../lib/gcc/avr/5.4.0/avr5\libgcc.a(_exit.o)
                              C:/Program Files (x86)/Atmel/Studio/7.0/Packs/atmel/ATmega_DFP/1.7.374/gcc/dev/atmega32/avr5/crtatmega32.o (exit)
c:/program files (x86)/atmel/studio/7.0/toolchain/avr8/avr8-gnu-toolchain/bin/../lib/gcc/avr/5.4.0/avr5\libgcc.a(_copy_data.o)
                              App/main.o (__do_copy_data)
c:/program files (x86)/atmel/studio/7.0/toolchain/avr8/avr8-gnu-toolchain/bin/../lib/gcc/avr/5.4.0/avr5\libgcc.a(_clear_bss.o)
                              App/System.o (__do_clear_bss)
c:/program files (x86)/atmel/studio/7.0/toolchain/avr8/avr8-gnu-toolchain/bin/../lib/gcc/avr/5.4.0/avr5\libgcc.a(_udivmodhi4.o)
                              c:/program files (x86)/atmel/studio/7.0/toolchain/avr8/avr8-gnu-toolchain/bin/../lib/gcc/avr/5.4.0/avr5\libgcc.a(_divmodhi4.o) (__udivmodhi4)

Allocating common symbols
Common symbol       size              file

user_input          0x4               App/System.o

Discarded input sections

 .data          0x00000000        0x0 C:/Program Files (x86)/Atmel/Studio/7.0/Packs/atmel/ATmega_DFP/1.7.374/gcc/dev/atmega32/avr5/crtatmega32.o
 .bss           0x00000000        0x0 C:/Program Files (x86)/Atmel/Studio/7.0/Packs/atmel/ATmega_DFP/1.7.374/gcc/dev/atmega32/avr5/crtatmega32.o
 .text          0x00000000        0x0 App/main.o
 .data          0x00000000        0x0 App/main.o
 .bss           0x00000000        0x0 App/main.o
 .text          0x00000000        0x0 App/System.o
 .data          0x00000000        0x0 App/System.o
 .bss           0x00000000        0x0 App/System.o
 .text.User_input_Keypad
                0x00000000      0x24a App/System.o
 .bss.Password  0x00000000        0x2 App/System.o
 .bss.Remote_State
                0x00000000        0x1 App/System.o
 .text          0x00000000        0x0 HAL/DC_MOTOR/DC_MOTOR_prog.o
 .data          0x00000000        0x0 HAL/DC_MOTOR/DC_MOTOR_prog.o
 .bss           0x00000000        0x0 HAL/DC_MOTOR/DC_MOTOR_prog.o
 .text.DCMOTOR_voidCW
                0x00000000       0x42 HAL/DC_MOTOR/DC_MOTOR_prog.o
 .text.DCMOTOR_voidACW
                0x00000000       0x42 HAL/DC_MOTOR/DC_MOTOR_prog.o
 .text.DCMOTOR_voidStop
                0x00000000       0x42 HAL/DC_MOTOR/DC_MOTOR_prog.o
 .debug_info    0x00000000      0x311 HAL/DC_MOTOR/DC_MOTOR_prog.o
 .debug_abbrev  0x00000000       0x8d HAL/DC_MOTOR/DC_MOTOR_prog.o
 .debug_loc     0x00000000       0xea HAL/DC_MOTOR/DC_MOTOR_prog.o
 .debug_aranges
                0x00000000       0x30 HAL/DC_MOTOR/DC_MOTOR_prog.o
 .debug_ranges  0x00000000       0x20 HAL/DC_MOTOR/DC_MOTOR_prog.o
 .debug_line    0x00000000      0x17b HAL/DC_MOTOR/DC_MOTOR_prog.o
 .debug_str     0x00000000      0x22d HAL/DC_MOTOR/DC_MOTOR_prog.o
 .comment       0x00000000       0x31 HAL/DC_MOTOR/DC_MOTOR_prog.o
 .debug_frame   0x00000000       0x5c HAL/DC_MOTOR/DC_MOTOR_prog.o
 .text          0x00000000        0x0 HAL/EXTEEPROM/EXTEEPROM_prog.o
 .data          0x00000000        0x0 HAL/EXTEEPROM/EXTEEPROM_prog.o
 .bss           0x00000000        0x0 HAL/EXTEEPROM/EXTEEPROM_prog.o
 .text.EXTEEPROM_voidTxData
                0x00000000       0x3c HAL/EXTEEPROM/EXTEEPROM_prog.o
 .text.EXTEEPROM_u8RxData
                0x00000000       0x42 HAL/EXTEEPROM/EXTEEPROM_prog.o
 .text.EXTEEPROM_voidTxPageWrite
                0x00000000       0x68 HAL/EXTEEPROM/EXTEEPROM_prog.o
 .text.EXTEEPROM_u8RxPageRead
                0x00000000       0x6e HAL/EXTEEPROM/EXTEEPROM_prog.o
 .debug_info    0x00000000      0x51a HAL/EXTEEPROM/EXTEEPROM_prog.o
 .debug_abbrev  0x00000000      0x19c HAL/EXTEEPROM/EXTEEPROM_prog.o
 .debug_loc     0x00000000      0x3f8 HAL/EXTEEPROM/EXTEEPROM_prog.o
 .debug_aranges
                0x00000000       0x38 HAL/EXTEEPROM/EXTEEPROM_prog.o
 .debug_ranges  0x00000000       0x28 HAL/EXTEEPROM/EXTEEPROM_prog.o
 .debug_line    0x00000000      0x2df HAL/EXTEEPROM/EXTEEPROM_prog.o
 .debug_str     0x00000000      0x422 HAL/EXTEEPROM/EXTEEPROM_prog.o
 .comment       0x00000000       0x31 HAL/EXTEEPROM/EXTEEPROM_prog.o
 .debug_frame   0x00000000       0xb4 HAL/EXTEEPROM/EXTEEPROM_prog.o
 .text          0x00000000        0x0 HAL/KEYPAD/KEYPAD_prog.o
 .data          0x00000000        0x0 HAL/KEYPAD/KEYPAD_prog.o
 .bss           0x00000000        0x0 HAL/KEYPAD/KEYPAD_prog.o
 .text          0x00000000        0x0 HAL/LCD/LCD_prog.o
 .data          0x00000000        0x0 HAL/LCD/LCD_prog.o
 .bss           0x00000000        0x0 HAL/LCD/LCD_prog.o
 .text          0x00000000        0x0 HAL/Servo/Servo_prog.o
 .data          0x00000000        0x0 HAL/Servo/Servo_prog.o
 .bss           0x00000000        0x0 HAL/Servo/Servo_prog.o
 .text          0x00000000        0x0 MCAL/ADC/ADC_prog.o
 .data          0x00000000        0x0 MCAL/ADC/ADC_prog.o
 .bss           0x00000000        0x0 MCAL/ADC/ADC_prog.o
 .text          0x00000000        0x0 MCAL/DIO/DIO_prog.o
 .data          0x00000000        0x0 MCAL/DIO/DIO_prog.o
 .bss           0x00000000        0x0 MCAL/DIO/DIO_prog.o
 .text.DIO_voidTogglePinVal
                0x00000000       0x68 MCAL/DIO/DIO_prog.o
 .text.DIO_voidSetPortVal
                0x00000000       0x20 MCAL/DIO/DIO_prog.o
 .text          0x00000000        0x0 MCAL/GI/GI_prog.o
 .data          0x00000000        0x0 MCAL/GI/GI_prog.o
 .bss           0x00000000        0x0 MCAL/GI/GI_prog.o
 .text.GI_voidDisable
                0x00000000        0x8 MCAL/GI/GI_prog.o
 .text          0x00000000        0x0 MCAL/Timer0/TIM0_prog.o
 .data          0x00000000        0x0 MCAL/Timer0/TIM0_prog.o
 .bss           0x00000000        0x0 MCAL/Timer0/TIM0_prog.o
 .text.TIM0_voidInit
                0x00000000       0x42 MCAL/Timer0/TIM0_prog.o
 .text.TIM0_voidCallBack
                0x00000000       0x1e MCAL/Timer0/TIM0_prog.o
 .text          0x00000000        0x0 MCAL/Timer1/TIM1_prog.o
 .data          0x00000000        0x0 MCAL/Timer1/TIM1_prog.o
 .bss           0x00000000        0x0 MCAL/Timer1/TIM1_prog.o
 .text.TIM1_voidInitOVFMode
                0x00000000       0x44 MCAL/Timer1/TIM1_prog.o
 .text.TIM1_voidInitCTCMode
                0x00000000       0x46 MCAL/Timer1/TIM1_prog.o
 .text.TIM1_voidInit10BitfastPWM
                0x00000000       0x86 MCAL/Timer1/TIM1_prog.o
 .text.TIM1_voidFastPWMICR1
                0x00000000       0x3a MCAL/Timer1/TIM1_prog.o
 .text.TIM1_voidServoPWM
                0x00000000       0x2c MCAL/Timer1/TIM1_prog.o
 .text.TIM1_voidCallBack
                0x00000000       0x1e MCAL/Timer1/TIM1_prog.o
 .text          0x00000000        0x0 MCAL/Timer2/TIM2_prog.o
 .data          0x00000000        0x0 MCAL/Timer2/TIM2_prog.o
 .bss           0x00000000        0x0 MCAL/Timer2/TIM2_prog.o
 .text.TIM2_voidInit
                0x00000000       0x64 MCAL/Timer2/TIM2_prog.o
 .text.TIM2_voidPWM
                0x00000000       0x7a MCAL/Timer2/TIM2_prog.o
 .text.TIM2_voidCallBack
                0x00000000       0x1e MCAL/Timer2/TIM2_prog.o
 .text          0x00000000        0x0 MCAL/TWI/TWI_prog.o
 .data          0x00000000        0x0 MCAL/TWI/TWI_prog.o
 .bss           0x00000000        0x0 MCAL/TWI/TWI_prog.o
 .text.TWI_voidMasterInit
                0x00000000       0x26 MCAL/TWI/TWI_prog.o
 .text.TWI_voidSlaveInit
                0x00000000       0x12 MCAL/TWI/TWI_prog.o
 .text.TWI_TWI_statusStartCondition
                0x00000000       0x22 MCAL/TWI/TWI_prog.o
 .text.TWI_TWI_statusRepeatedStart
                0x00000000       0x22 MCAL/TWI/TWI_prog.o
 .text.TWI_TWI_statusSendSlaveAdressWithWrite
                0x00000000       0x2c MCAL/TWI/TWI_prog.o
 .text.TWI_TWI_statusSendSlaveAdressWithRead
                0x00000000       0x2c MCAL/TWI/TWI_prog.o
 .text.TWI_TWI_statusMasterSendData
                0x00000000       0x1e MCAL/TWI/TWI_prog.o
 .text.TWI_TWI_statusMasterReciveData
                0x00000000       0x22 MCAL/TWI/TWI_prog.o
 .text.TWI_TWI_statusMasterReciveDataNACK
                0x00000000       0x28 MCAL/TWI/TWI_prog.o
 .text.TWI_voidStopCondition
                0x00000000        0xe MCAL/TWI/TWI_prog.o
 .debug_info    0x00000000      0x2b9 MCAL/TWI/TWI_prog.o
 .debug_abbrev  0x00000000       0xc8 MCAL/TWI/TWI_prog.o
 .debug_loc     0x00000000      0x21a MCAL/TWI/TWI_prog.o
 .debug_aranges
                0x00000000       0x68 MCAL/TWI/TWI_prog.o
 .debug_ranges  0x00000000       0x58 MCAL/TWI/TWI_prog.o
 .debug_line    0x00000000      0x2ba MCAL/TWI/TWI_prog.o
 .debug_str     0x00000000      0x37c MCAL/TWI/TWI_prog.o
 .comment       0x00000000       0x31 MCAL/TWI/TWI_prog.o
 .debug_frame   0x00000000       0xb4 MCAL/TWI/TWI_prog.o
 .text          0x00000000        0x0 MCAL/UART/UART_prog.o
 .data          0x00000000        0x0 MCAL/UART/UART_prog.o
 .bss           0x00000000        0x0 MCAL/UART/UART_prog.o
 .text.UART_voidTx
                0x00000000        0x8 MCAL/UART/UART_prog.o
 .text          0x00000000        0x0 c:/program files (x86)/atmel/studio/7.0/toolchain/avr8/avr8-gnu-toolchain/bin/../lib/gcc/avr/5.4.0/../../../../avr/lib/avr5\libm.a(addsf3.o)
 .data          0x00000000        0x0 c:/program files (x86)/atmel/studio/7.0/toolchain/avr8/avr8-gnu-toolchain/bin/../lib/gcc/avr/5.4.0/../../../../avr/lib/avr5\libm.a(addsf3.o)
 .bss           0x00000000        0x0 c:/program files (x86)/atmel/studio/7.0/toolchain/avr8/avr8-gnu-toolchain/bin/../lib/gcc/avr/5.4.0/../../../../avr/lib/avr5\libm.a(addsf3.o)
 .text          0x00000000        0x0 c:/program files (x86)/atmel/studio/7.0/toolchain/avr8/avr8-gnu-toolchain/bin/../lib/gcc/avr/5.4.0/../../../../avr/lib/avr5\libm.a(addsf3x.o)
 .data          0x00000000        0x0 c:/program files (x86)/atmel/studio/7.0/toolchain/avr8/avr8-gnu-toolchain/bin/../lib/gcc/avr/5.4.0/../../../../avr/lib/avr5\libm.a(addsf3x.o)
 .bss           0x00000000        0x0 c:/program files (x86)/atmel/studio/7.0/toolchain/avr8/avr8-gnu-toolchain/bin/../lib/gcc/avr/5.4.0/../../../../avr/lib/avr5\libm.a(addsf3x.o)
 .text          0x00000000        0x0 c:/program files (x86)/atmel/studio/7.0/toolchain/avr8/avr8-gnu-toolchain/bin/../lib/gcc/avr/5.4.0/../../../../avr/lib/avr5\libm.a(divsf3.o)
 .data          0x00000000        0x0 c:/program files (x86)/atmel/studio/7.0/toolchain/avr8/avr8-gnu-toolchain/bin/../lib/gcc/avr/5.4.0/../../../../avr/lib/avr5\libm.a(divsf3.o)
 .bss           0x00000000        0x0 c:/program files (x86)/atmel/studio/7.0/toolchain/avr8/avr8-gnu-toolchain/bin/../lib/gcc/avr/5.4.0/../../../../avr/lib/avr5\libm.a(divsf3.o)
 .text          0x00000000        0x0 c:/program files (x86)/atmel/studio/7.0/toolchain/avr8/avr8-gnu-toolchain/bin/../lib/gcc/avr/5.4.0/../../../../avr/lib/avr5\libm.a(divsf3x.o)
 .data          0x00000000        0x0 c:/program files (x86)/atmel/studio/7.0/toolchain/avr8/avr8-gnu-toolchain/bin/../lib/gcc/avr/5.4.0/../../../../avr/lib/avr5\libm.a(divsf3x.o)
 .bss           0x00000000        0x0 c:/program files (x86)/atmel/studio/7.0/toolchain/avr8/avr8-gnu-toolchain/bin/../lib/gcc/avr/5.4.0/../../../../avr/lib/avr5\libm.a(divsf3x.o)
 .text          0x00000000        0x0 c:/program files (x86)/atmel/studio/7.0/toolchain/avr8/avr8-gnu-toolchain/bin/../lib/gcc/avr/5.4.0/../../../../avr/lib/avr5\libm.a(fixunssfsi.o)
 .data          0x00000000        0x0 c:/program files (x86)/atmel/studio/7.0/toolchain/avr8/avr8-gnu-toolchain/bin/../lib/gcc/avr/5.4.0/../../../../avr/lib/avr5\libm.a(fixunssfsi.o)
 .bss           0x00000000        0x0 c:/program files (x86)/atmel/studio/7.0/toolchain/avr8/avr8-gnu-toolchain/bin/../lib/gcc/avr/5.4.0/../../../../avr/lib/avr5\libm.a(fixunssfsi.o)
 .text          0x00000000        0x0 c:/program files (x86)/atmel/studio/7.0/toolchain/avr8/avr8-gnu-toolchain/bin/../lib/gcc/avr/5.4.0/../../../../avr/lib/avr5\libm.a(floatsisf.o)
 .data          0x00000000        0x0 c:/program files (x86)/atmel/studio/7.0/toolchain/avr8/avr8-gnu-toolchain/bin/../lib/gcc/avr/5.4.0/../../../../avr/lib/avr5\libm.a(floatsisf.o)
 .bss           0x00000000        0x0 c:/program files (x86)/atmel/studio/7.0/toolchain/avr8/avr8-gnu-toolchain/bin/../lib/gcc/avr/5.4.0/../../../../avr/lib/avr5\libm.a(floatsisf.o)
 .text          0x00000000        0x0 c:/program files (x86)/atmel/studio/7.0/toolchain/avr8/avr8-gnu-toolchain/bin/../lib/gcc/avr/5.4.0/../../../../avr/lib/avr5\libm.a(fp_inf.o)
 .data          0x00000000        0x0 c:/program files (x86)/atmel/studio/7.0/toolchain/avr8/avr8-gnu-toolchain/bin/../lib/gcc/avr/5.4.0/../../../../avr/lib/avr5\libm.a(fp_inf.o)
 .bss           0x00000000        0x0 c:/program files (x86)/atmel/studio/7.0/toolchain/avr8/avr8-gnu-toolchain/bin/../lib/gcc/avr/5.4.0/../../../../avr/lib/avr5\libm.a(fp_inf.o)
 .text          0x00000000        0x0 c:/program files (x86)/atmel/studio/7.0/toolchain/avr8/avr8-gnu-toolchain/bin/../lib/gcc/avr/5.4.0/../../../../avr/lib/avr5\libm.a(fp_nan.o)
 .data          0x00000000        0x0 c:/program files (x86)/atmel/studio/7.0/toolchain/avr8/avr8-gnu-toolchain/bin/../lib/gcc/avr/5.4.0/../../../../avr/lib/avr5\libm.a(fp_nan.o)
 .bss           0x00000000        0x0 c:/program files (x86)/atmel/studio/7.0/toolchain/avr8/avr8-gnu-toolchain/bin/../lib/gcc/avr/5.4.0/../../../../avr/lib/avr5\libm.a(fp_nan.o)
 .text          0x00000000        0x0 c:/program files (x86)/atmel/studio/7.0/toolchain/avr8/avr8-gnu-toolchain/bin/../lib/gcc/avr/5.4.0/../../../../avr/lib/avr5\libm.a(fp_pscA.o)
 .data          0x00000000        0x0 c:/program files (x86)/atmel/studio/7.0/toolchain/avr8/avr8-gnu-toolchain/bin/../lib/gcc/avr/5.4.0/../../../../avr/lib/avr5\libm.a(fp_pscA.o)
 .bss           0x00000000        0x0 c:/program files (x86)/atmel/studio/7.0/toolchain/avr8/avr8-gnu-toolchain/bin/../lib/gcc/avr/5.4.0/../../../../avr/lib/avr5\libm.a(fp_pscA.o)
 .text          0x00000000        0x0 c:/program files (x86)/atmel/studio/7.0/toolchain/avr8/avr8-gnu-toolchain/bin/../lib/gcc/avr/5.4.0/../../../../avr/lib/avr5\libm.a(fp_pscB.o)
 .data          0x00000000        0x0 c:/program files (x86)/atmel/studio/7.0/toolchain/avr8/avr8-gnu-toolchain/bin/../lib/gcc/avr/5.4.0/../../../../avr/lib/avr5\libm.a(fp_pscB.o)
 .bss           0x00000000        0x0 c:/program files (x86)/atmel/studio/7.0/toolchain/avr8/avr8-gnu-toolchain/bin/../lib/gcc/avr/5.4.0/../../../../avr/lib/avr5\libm.a(fp_pscB.o)
 .text          0x00000000        0x0 c:/program files (x86)/atmel/studio/7.0/toolchain/avr8/avr8-gnu-toolchain/bin/../lib/gcc/avr/5.4.0/../../../../avr/lib/avr5\libm.a(fp_round.o)
 .data          0x00000000        0x0 c:/program files (x86)/atmel/studio/7.0/toolchain/avr8/avr8-gnu-toolchain/bin/../lib/gcc/avr/5.4.0/../../../../avr/lib/avr5\libm.a(fp_round.o)
 .bss           0x00000000        0x0 c:/program files (x86)/atmel/studio/7.0/toolchain/avr8/avr8-gnu-toolchain/bin/../lib/gcc/avr/5.4.0/../../../../avr/lib/avr5\libm.a(fp_round.o)
 .text          0x00000000        0x0 c:/program files (x86)/atmel/studio/7.0/toolchain/avr8/avr8-gnu-toolchain/bin/../lib/gcc/avr/5.4.0/../../../../avr/lib/avr5\libm.a(fp_split3.o)
 .data          0x00000000        0x0 c:/program files (x86)/atmel/studio/7.0/toolchain/avr8/avr8-gnu-toolchain/bin/../lib/gcc/avr/5.4.0/../../../../avr/lib/avr5\libm.a(fp_split3.o)
 .bss           0x00000000        0x0 c:/program files (x86)/atmel/studio/7.0/toolchain/avr8/avr8-gnu-toolchain/bin/../lib/gcc/avr/5.4.0/../../../../avr/lib/avr5\libm.a(fp_split3.o)
 .text          0x00000000        0x0 c:/program files (x86)/atmel/studio/7.0/toolchain/avr8/avr8-gnu-toolchain/bin/../lib/gcc/avr/5.4.0/../../../../avr/lib/avr5\libm.a(fp_zero.o)
 .data          0x00000000        0x0 c:/program files (x86)/atmel/studio/7.0/toolchain/avr8/avr8-gnu-toolchain/bin/../lib/gcc/avr/5.4.0/../../../../avr/lib/avr5\libm.a(fp_zero.o)
 .bss           0x00000000        0x0 c:/program files (x86)/atmel/studio/7.0/toolchain/avr8/avr8-gnu-toolchain/bin/../lib/gcc/avr/5.4.0/../../../../avr/lib/avr5\libm.a(fp_zero.o)
 .text          0x00000000        0x0 c:/program files (x86)/atmel/studio/7.0/toolchain/avr8/avr8-gnu-toolchain/bin/../lib/gcc/avr/5.4.0/../../../../avr/lib/avr5\libm.a(mulsf3.o)
 .data          0x00000000        0x0 c:/program files (x86)/atmel/studio/7.0/toolchain/avr8/avr8-gnu-toolchain/bin/../lib/gcc/avr/5.4.0/../../../../avr/lib/avr5\libm.a(mulsf3.o)
 .bss           0x00000000        0x0 c:/program files (x86)/atmel/studio/7.0/toolchain/avr8/avr8-gnu-toolchain/bin/../lib/gcc/avr/5.4.0/../../../../avr/lib/avr5\libm.a(mulsf3.o)
 .text          0x00000000        0x0 c:/program files (x86)/atmel/studio/7.0/toolchain/avr8/avr8-gnu-toolchain/bin/../lib/gcc/avr/5.4.0/../../../../avr/lib/avr5\libm.a(mulsf3x.o)
 .data          0x00000000        0x0 c:/program files (x86)/atmel/studio/7.0/toolchain/avr8/avr8-gnu-toolchain/bin/../lib/gcc/avr/5.4.0/../../../../avr/lib/avr5\libm.a(mulsf3x.o)
 .bss           0x00000000        0x0 c:/program files (x86)/atmel/studio/7.0/toolchain/avr8/avr8-gnu-toolchain/bin/../lib/gcc/avr/5.4.0/../../../../avr/lib/avr5\libm.a(mulsf3x.o)
 .text          0x00000000        0x0 c:/program files (x86)/atmel/studio/7.0/toolchain/avr8/avr8-gnu-toolchain/bin/../lib/gcc/avr/5.4.0/avr5\libgcc.a(_divmodhi4.o)
 .data          0x00000000        0x0 c:/program files (x86)/atmel/studio/7.0/toolchain/avr8/avr8-gnu-toolchain/bin/../lib/gcc/avr/5.4.0/avr5\libgcc.a(_divmodhi4.o)
 .bss           0x00000000        0x0 c:/program files (x86)/atmel/studio/7.0/toolchain/avr8/avr8-gnu-toolchain/bin/../lib/gcc/avr/5.4.0/avr5\libgcc.a(_divmodhi4.o)
 .text.libgcc.mul
                0x00000000        0x0 c:/program files (x86)/atmel/studio/7.0/toolchain/avr8/avr8-gnu-toolchain/bin/../lib/gcc/avr/5.4.0/avr5\libgcc.a(_divmodhi4.o)
 .text.libgcc   0x00000000        0x0 c:/program files (x86)/atmel/studio/7.0/toolchain/avr8/avr8-gnu-toolchain/bin/../lib/gcc/avr/5.4.0/avr5\libgcc.a(_divmodhi4.o)
 .text.libgcc.prologue
                0x00000000        0x0 c:/program files (x86)/atmel/studio/7.0/toolchain/avr8/avr8-gnu-toolchain/bin/../lib/gcc/avr/5.4.0/avr5\libgcc.a(_divmodhi4.o)
 .text.libgcc.builtins
                0x00000000        0x0 c:/program files (x86)/atmel/studio/7.0/toolchain/avr8/avr8-gnu-toolchain/bin/../lib/gcc/avr/5.4.0/avr5\libgcc.a(_divmodhi4.o)
 .text.libgcc.fmul
                0x00000000        0x0 c:/program files (x86)/atmel/studio/7.0/toolchain/avr8/avr8-gnu-toolchain/bin/../lib/gcc/avr/5.4.0/avr5\libgcc.a(_divmodhi4.o)
 .text.libgcc.fixed
                0x00000000        0x0 c:/program files (x86)/atmel/studio/7.0/toolchain/avr8/avr8-gnu-toolchain/bin/../lib/gcc/avr/5.4.0/avr5\libgcc.a(_divmodhi4.o)
 .text          0x00000000        0x0 c:/program files (x86)/atmel/studio/7.0/toolchain/avr8/avr8-gnu-toolchain/bin/../lib/gcc/avr/5.4.0/avr5\libgcc.a(_udivmodsi4.o)
 .data          0x00000000        0x0 c:/program files (x86)/atmel/studio/7.0/toolchain/avr8/avr8-gnu-toolchain/bin/../lib/gcc/avr/5.4.0/avr5\libgcc.a(_udivmodsi4.o)
 .bss           0x00000000        0x0 c:/program files (x86)/atmel/studio/7.0/toolchain/avr8/avr8-gnu-toolchain/bin/../lib/gcc/avr/5.4.0/avr5\libgcc.a(_udivmodsi4.o)
 .text.libgcc.mul
                0x00000000        0x0 c:/program files (x86)/atmel/studio/7.0/toolchain/avr8/avr8-gnu-toolchain/bin/../lib/gcc/avr/5.4.0/avr5\libgcc.a(_udivmodsi4.o)
 .text.libgcc   0x00000000        0x0 c:/program files (x86)/atmel/studio/7.0/toolchain/avr8/avr8-gnu-toolchain/bin/../lib/gcc/avr/5.4.0/avr5\libgcc.a(_udivmodsi4.o)
 .text.libgcc.prologue
                0x00000000        0x0 c:/program files (x86)/atmel/studio/7.0/toolchain/avr8/avr8-gnu-toolchain/bin/../lib/gcc/avr/5.4.0/avr5\libgcc.a(_udivmodsi4.o)
 .text.libgcc.builtins
                0x00000000        0x0 c:/program files (x86)/atmel/studio/7.0/toolchain/avr8/avr8-gnu-toolchain/bin/../lib/gcc/avr/5.4.0/avr5\libgcc.a(_udivmodsi4.o)
 .text.libgcc.fmul
                0x00000000        0x0 c:/program files (x86)/atmel/studio/7.0/toolchain/avr8/avr8-gnu-toolchain/bin/../lib/gcc/avr/5.4.0/avr5\libgcc.a(_udivmodsi4.o)
 .text.libgcc.fixed
                0x00000000        0x0 c:/program files (x86)/atmel/studio/7.0/toolchain/avr8/avr8-gnu-toolchain/bin/../lib/gcc/avr/5.4.0/avr5\libgcc.a(_udivmodsi4.o)
 .text          0x00000000        0x0 c:/program files (x86)/atmel/studio/7.0/toolchain/avr8/avr8-gnu-toolchain/bin/../lib/gcc/avr/5.4.0/avr5\libgcc.a(_exit.o)
 .data          0x00000000        0x0 c:/program files (x86)/atmel/studio/7.0/toolchain/avr8/avr8-gnu-toolchain/bin/../lib/gcc/avr/5.4.0/avr5\libgcc.a(_exit.o)
 .bss           0x00000000        0x0 c:/program files (x86)/atmel/studio/7.0/toolchain/avr8/avr8-gnu-toolchain/bin/../lib/gcc/avr/5.4.0/avr5\libgcc.a(_exit.o)
 .text.libgcc.mul
                0x00000000        0x0 c:/program files (x86)/atmel/studio/7.0/toolchain/avr8/avr8-gnu-toolchain/bin/../lib/gcc/avr/5.4.0/avr5\libgcc.a(_exit.o)
 .text.libgcc.div
                0x00000000        0x0 c:/program files (x86)/atmel/studio/7.0/toolchain/avr8/avr8-gnu-toolchain/bin/../lib/gcc/avr/5.4.0/avr5\libgcc.a(_exit.o)
 .text.libgcc   0x00000000        0x0 c:/program files (x86)/atmel/studio/7.0/toolchain/avr8/avr8-gnu-toolchain/bin/../lib/gcc/avr/5.4.0/avr5\libgcc.a(_exit.o)
 .text.libgcc.prologue
                0x00000000        0x0 c:/program files (x86)/atmel/studio/7.0/toolchain/avr8/avr8-gnu-toolchain/bin/../lib/gcc/avr/5.4.0/avr5\libgcc.a(_exit.o)
 .text.libgcc.builtins
                0x00000000        0x0 c:/program files (x86)/atmel/studio/7.0/toolchain/avr8/avr8-gnu-toolchain/bin/../lib/gcc/avr/5.4.0/avr5\libgcc.a(_exit.o)
 .text.libgcc.fmul
                0x00000000        0x0 c:/program files (x86)/atmel/studio/7.0/toolchain/avr8/avr8-gnu-toolchain/bin/../lib/gcc/avr/5.4.0/avr5\libgcc.a(_exit.o)
 .text.libgcc.fixed
                0x00000000        0x0 c:/program files (x86)/atmel/studio/7.0/toolchain/avr8/avr8-gnu-toolchain/bin/../lib/gcc/avr/5.4.0/avr5\libgcc.a(_exit.o)
 .text          0x00000000        0x0 c:/program files (x86)/atmel/studio/7.0/toolchain/avr8/avr8-gnu-toolchain/bin/../lib/gcc/avr/5.4.0/avr5\libgcc.a(_copy_data.o)
 .data          0x00000000        0x0 c:/program files (x86)/atmel/studio/7.0/toolchain/avr8/avr8-gnu-toolchain/bin/../lib/gcc/avr/5.4.0/avr5\libgcc.a(_copy_data.o)
 .bss           0x00000000        0x0 c:/program files (x86)/atmel/studio/7.0/toolchain/avr8/avr8-gnu-toolchain/bin/../lib/gcc/avr/5.4.0/avr5\libgcc.a(_copy_data.o)
 .text.libgcc.mul
                0x00000000        0x0 c:/program files (x86)/atmel/studio/7.0/toolchain/avr8/avr8-gnu-toolchain/bin/../lib/gcc/avr/5.4.0/avr5\libgcc.a(_copy_data.o)
 .text.libgcc.div
                0x00000000        0x0 c:/program files (x86)/atmel/studio/7.0/toolchain/avr8/avr8-gnu-toolchain/bin/../lib/gcc/avr/5.4.0/avr5\libgcc.a(_copy_data.o)
 .text.libgcc   0x00000000        0x0 c:/program files (x86)/atmel/studio/7.0/toolchain/avr8/avr8-gnu-toolchain/bin/../lib/gcc/avr/5.4.0/avr5\libgcc.a(_copy_data.o)
 .text.libgcc.prologue
                0x00000000        0x0 c:/program files (x86)/atmel/studio/7.0/toolchain/avr8/avr8-gnu-toolchain/bin/../lib/gcc/avr/5.4.0/avr5\libgcc.a(_copy_data.o)
 .text.libgcc.builtins
                0x00000000        0x0 c:/program files (x86)/atmel/studio/7.0/toolchain/avr8/avr8-gnu-toolchain/bin/../lib/gcc/avr/5.4.0/avr5\libgcc.a(_copy_data.o)
 .text.libgcc.fmul
                0x00000000        0x0 c:/program files (x86)/atmel/studio/7.0/toolchain/avr8/avr8-gnu-toolchain/bin/../lib/gcc/avr/5.4.0/avr5\libgcc.a(_copy_data.o)
 .text.libgcc.fixed
                0x00000000        0x0 c:/program files (x86)/atmel/studio/7.0/toolchain/avr8/avr8-gnu-toolchain/bin/../lib/gcc/avr/5.4.0/avr5\libgcc.a(_copy_data.o)
 .text          0x00000000        0x0 c:/program files (x86)/atmel/studio/7.0/toolchain/avr8/avr8-gnu-toolchain/bin/../lib/gcc/avr/5.4.0/avr5\libgcc.a(_clear_bss.o)
 .data          0x00000000        0x0 c:/program files (x86)/atmel/studio/7.0/toolchain/avr8/avr8-gnu-toolchain/bin/../lib/gcc/avr/5.4.0/avr5\libgcc.a(_clear_bss.o)
 .bss           0x00000000        0x0 c:/program files (x86)/atmel/studio/7.0/toolchain/avr8/avr8-gnu-toolchain/bin/../lib/gcc/avr/5.4.0/avr5\libgcc.a(_clear_bss.o)
 .text.libgcc.mul
                0x00000000        0x0 c:/program files (x86)/atmel/studio/7.0/toolchain/avr8/avr8-gnu-toolchain/bin/../lib/gcc/avr/5.4.0/avr5\libgcc.a(_clear_bss.o)
 .text.libgcc.div
                0x00000000        0x0 c:/program files (x86)/atmel/studio/7.0/toolchain/avr8/avr8-gnu-toolchain/bin/../lib/gcc/avr/5.4.0/avr5\libgcc.a(_clear_bss.o)
 .text.libgcc   0x00000000        0x0 c:/program files (x86)/atmel/studio/7.0/toolchain/avr8/avr8-gnu-toolchain/bin/../lib/gcc/avr/5.4.0/avr5\libgcc.a(_clear_bss.o)
 .text.libgcc.prologue
                0x00000000        0x0 c:/program files (x86)/atmel/studio/7.0/toolchain/avr8/avr8-gnu-toolchain/bin/../lib/gcc/avr/5.4.0/avr5\libgcc.a(_clear_bss.o)
 .text.libgcc.builtins
                0x00000000        0x0 c:/program files (x86)/atmel/studio/7.0/toolchain/avr8/avr8-gnu-toolchain/bin/../lib/gcc/avr/5.4.0/avr5\libgcc.a(_clear_bss.o)
 .text.libgcc.fmul
                0x00000000        0x0 c:/program files (x86)/atmel/studio/7.0/toolchain/avr8/avr8-gnu-toolchain/bin/../lib/gcc/avr/5.4.0/avr5\libgcc.a(_clear_bss.o)
 .text.libgcc.fixed
                0x00000000        0x0 c:/program files (x86)/atmel/studio/7.0/toolchain/avr8/avr8-gnu-toolchain/bin/../lib/gcc/avr/5.4.0/avr5\libgcc.a(_clear_bss.o)
 .text          0x00000000        0x0 c:/program files (x86)/atmel/studio/7.0/toolchain/avr8/avr8-gnu-toolchain/bin/../lib/gcc/avr/5.4.0/avr5\libgcc.a(_udivmodhi4.o)
 .data          0x00000000        0x0 c:/program files (x86)/atmel/studio/7.0/toolchain/avr8/avr8-gnu-toolchain/bin/../lib/gcc/avr/5.4.0/avr5\libgcc.a(_udivmodhi4.o)
 .bss           0x00000000        0x0 c:/program files (x86)/atmel/studio/7.0/toolchain/avr8/avr8-gnu-toolchain/bin/../lib/gcc/avr/5.4.0/avr5\libgcc.a(_udivmodhi4.o)
 .text.libgcc.mul
                0x00000000        0x0 c:/program files (x86)/atmel/studio/7.0/toolchain/avr8/avr8-gnu-toolchain/bin/../lib/gcc/avr/5.4.0/avr5\libgcc.a(_udivmodhi4.o)
 .text.libgcc   0x00000000        0x0 c:/program files (x86)/atmel/studio/7.0/toolchain/avr8/avr8-gnu-toolchain/bin/../lib/gcc/avr/5.4.0/avr5\libgcc.a(_udivmodhi4.o)
 .text.libgcc.prologue
                0x00000000        0x0 c:/program files (x86)/atmel/studio/7.0/toolchain/avr8/avr8-gnu-toolchain/bin/../lib/gcc/avr/5.4.0/avr5\libgcc.a(_udivmodhi4.o)
 .text.libgcc.builtins
                0x00000000        0x0 c:/program files (x86)/atmel/studio/7.0/toolchain/avr8/avr8-gnu-toolchain/bin/../lib/gcc/avr/5.4.0/avr5\libgcc.a(_udivmodhi4.o)
 .text.libgcc.fmul
                0x00000000        0x0 c:/program files (x86)/atmel/studio/7.0/toolchain/avr8/avr8-gnu-toolchain/bin/../lib/gcc/avr/5.4.0/avr5\libgcc.a(_udivmodhi4.o)
 .text.libgcc.fixed
                0x00000000        0x0 c:/program files (x86)/atmel/studio/7.0/toolchain/avr8/avr8-gnu-toolchain/bin/../lib/gcc/avr/5.4.0/avr5\libgcc.a(_udivmodhi4.o)

Memory Configuration

Name             Origin             Length             Attributes
text             0x00000000         0x00008000         xr
data             0x00800060         0x00000800         rw !x
eeprom           0x00810000         0x00000400         rw !x
fuse             0x00820000         0x00000002         rw !x
lock             0x00830000         0x00000400         rw !x
signature        0x00840000         0x00000400         rw !x
user_signatures  0x00850000         0x00000400         rw !x
*default*        0x00000000         0xffffffff

Linker script and memory map

LOAD C:/Program Files (x86)/Atmel/Studio/7.0/Packs/atmel/ATmega_DFP/1.7.374/gcc/dev/atmega32/avr5/crtatmega32.o
LOAD App/main.o
LOAD App/System.o
LOAD HAL/DC_MOTOR/DC_MOTOR_prog.o
LOAD HAL/EXTEEPROM/EXTEEPROM_prog.o
LOAD HAL/KEYPAD/KEYPAD_prog.o
LOAD HAL/LCD/LCD_prog.o
LOAD HAL/Servo/Servo_prog.o
LOAD MCAL/ADC/ADC_prog.o
LOAD MCAL/DIO/DIO_prog.o
LOAD MCAL/GI/GI_prog.o
LOAD MCAL/Timer0/TIM0_prog.o
LOAD MCAL/Timer1/TIM1_prog.o
LOAD MCAL/Timer2/TIM2_prog.o
LOAD MCAL/TWI/TWI_prog.o
LOAD MCAL/UART/UART_prog.o
START GROUP
LOAD c:/program files (x86)/atmel/studio/7.0/toolchain/avr8/avr8-gnu-toolchain/bin/../lib/gcc/avr/5.4.0/../../../../avr/lib/avr5\libm.a
END GROUP
START GROUP
LOAD c:/program files (x86)/atmel/studio/7.0/toolchain/avr8/avr8-gnu-toolchain/bin/../lib/gcc/avr/5.4.0/avr5\libgcc.a
LOAD c:/program files (x86)/atmel/studio/7.0/toolchain/avr8/avr8-gnu-toolchain/bin/../lib/gcc/avr/5.4.0/../../../../avr/lib/avr5\libm.a
LOAD c:/program files (x86)/atmel/studio/7.0/toolchain/avr8/avr8-gnu-toolchain/bin/../lib/gcc/avr/5.4.0/../../../../avr/lib/avr5\libc.a
LOAD C:/Program Files (x86)/Atmel/Studio/7.0/Packs/atmel/ATmega_DFP/1.7.374/gcc/dev/atmega32/avr5\libatmega32.a
END GROUP
                0x00000000                __TEXT_REGION_ORIGIN__ = DEFINED (__TEXT_REGION_ORIGIN__)?__TEXT_REGION_ORIGIN__:0x0
                [0x00800060]                __DATA_REGION_ORIGIN__ = DEFINED (__DATA_REGION_ORIGIN__)?__DATA_REGION_ORIGIN__:0x800060
                [0x00008000]                __TEXT_REGION_LENGTH__ = DEFINED (__TEXT_REGION_LENGTH__)?__TEXT_REGION_LENGTH__:0x20000
                [0x00000800]                __DATA_REGION_LENGTH__ = DEFINED (__DATA_REGION_LENGTH__)?__DATA_REGION_LENGTH__:0xffa0
                [0x00000400]                __EEPROM_REGION_LENGTH__ = DEFINED (__EEPROM_REGION_LENGTH__)?__EEPROM_REGION_LENGTH__:0x10000
                [0x00000002]                __FUSE_REGION_LENGTH__ = DEFINED (__FUSE_REGION_LENGTH__)?__FUSE_REGION_LENGTH__:0x400
                0x00000400                __LOCK_REGION_LENGTH__ = DEFINED (__LOCK_REGION_LENGTH__)?__LOCK_REGION_LENGTH__:0x400
                0x00000400                __SIGNATURE_REGION_LENGTH__ = DEFINED (__SIGNATURE_REGION_LENGTH__)?__SIGNATURE_REGION_LENGTH__:0x400
                0x00000400                __USER_SIGNATURE_REGION_LENGTH__ = DEFINED (__USER_SIGNATURE_REGION_LENGTH__)?__USER_SIGNATURE_REGION_LENGTH__:0x400

.hash
 *(.hash)

.dynsym
 *(.dynsym)

.dynstr
 *(.dynstr)

.gnu.version
 *(.gnu.version)

.gnu.version_d
 *(.gnu.version_d)

.gnu.version_r
 *(.gnu.version_r)

.rel.init
 *(.rel.init)

.rela.init
 *(.rela.init)

.rel.text
 *(.rel.text)
 *(.rel.text.*)
 *(.rel.gnu.linkonce.t*)

.rela.text
 *(.rela.text)
 *(.rela.text.*)
 *(.rela.gnu.linkonce.t*)

.rel.fini
 *(.rel.fini)

.rela.fini
 *(.rela.fini)

.rel.rodata
 *(.rel.rodata)
 *(.rel.rodata.*)
 *(.rel.gnu.linkonce.r*)

.rela.rodata
 *(.rela.rodata)
 *(.rela.rodata.*)
 *(.rela.gnu.linkonce.r*)

.rel.data
 *(.rel.data)
 *(.rel.data.*)
 *(.rel.gnu.linkonce.d*)

.rela.data
 *(.rela.data)
 *(.rela.data.*)
 *(.rela.gnu.linkonce.d*)

.rel.ctors
 *(.rel.ctors)

.rela.ctors
 *(.rela.ctors)

.rel.dtors
 *(.rel.dtors)

.rela.dtors
 *(.rela.dtors)

.rel.got
 *(.rel.got)

.rela.got
 *(.rela.got)

.rel.bss
 *(.rel.bss)

.rela.bss
 *(.rela.bss)

.rel.plt
 *(.rel.plt)

.rela.plt
 *(.rela.plt)

.text           0x00000000     0x1b42
 *(.vectors)
 .vectors       0x00000000       0x54 C:/Program Files (x86)/Atmel/Studio/7.0/Packs/atmel/ATmega_DFP/1.7.374/gcc/dev/atmega32/avr5/crtatmega32.o
                0x00000000                __vector_default
                0x00000000                __vectors
 *(.vectors)
 *(.progmem.gcc*)
                0x00000054                . = ALIGN (0x2)
                0x00000054                __trampolines_start = .
 *(.trampolines)
 .trampolines   0x00000054        0x0 linker stubs
 *(.trampolines*)
                0x00000054                __trampolines_end = .
 *libprintf_flt.a:*(.progmem.data)
 *libc.a:*(.progmem.data)
 *(.progmem*)
                0x00000054                . = ALIGN (0x2)
 *(.jumptables)
 *(.jumptables*)
 *(.lowtext)
 *(.lowtext*)
                0x00000054                __ctors_start = .
 *(.ctors)
                0x00000054                __ctors_end = .
                0x00000054                __dtors_start = .
 *(.dtors)
                0x00000054                __dtors_end = .
 SORT(*)(.ctors)
 SORT(*)(.dtors)
 *(.init0)
 .init0         0x00000054        0x0 C:/Program Files (x86)/Atmel/Studio/7.0/Packs/atmel/ATmega_DFP/1.7.374/gcc/dev/atmega32/avr5/crtatmega32.o
                0x00000054                __init
 *(.init0)
 *(.init1)
 *(.init1)
 *(.init2)
 .init2         0x00000054        0xc C:/Program Files (x86)/Atmel/Studio/7.0/Packs/atmel/ATmega_DFP/1.7.374/gcc/dev/atmega32/avr5/crtatmega32.o
 *(.init2)
 *(.init3)
 *(.init3)
 *(.init4)
 .init4         0x00000060       0x16 c:/program files (x86)/atmel/studio/7.0/toolchain/avr8/avr8-gnu-toolchain/bin/../lib/gcc/avr/5.4.0/avr5\libgcc.a(_copy_data.o)
                0x00000060                __do_copy_data
 .init4         0x00000076       0x10 c:/program files (x86)/atmel/studio/7.0/toolchain/avr8/avr8-gnu-toolchain/bin/../lib/gcc/avr/5.4.0/avr5\libgcc.a(_clear_bss.o)
                0x00000076                __do_clear_bss
 *(.init4)
 *(.init5)
 *(.init5)
 *(.init6)
 *(.init6)
 *(.init7)
 *(.init7)
 *(.init8)
 *(.init8)
 *(.init9)
 .init9         0x00000086        0x8 C:/Program Files (x86)/Atmel/Studio/7.0/Packs/atmel/ATmega_DFP/1.7.374/gcc/dev/atmega32/avr5/crtatmega32.o
 *(.init9)
 *(.text)
 .text          0x0000008e        0x4 C:/Program Files (x86)/Atmel/Studio/7.0/Packs/atmel/ATmega_DFP/1.7.374/gcc/dev/atmega32/avr5/crtatmega32.o
                0x0000008e                __vector_1
                0x0000008e                __vector_12
                0x0000008e                __bad_interrupt
                0x0000008e                __vector_6
                0x0000008e                __vector_3
                0x0000008e                __vector_17
                0x0000008e                __vector_19
                0x0000008e                __vector_7
                0x0000008e                __vector_2
                0x0000008e                __vector_15
                0x0000008e                __vector_14
                0x0000008e                __vector_16
                0x0000008e                __vector_18
                0x0000008e                __vector_20
                0x00000092                . = ALIGN (0x2)
 *(.text.*)
 .text.main     0x00000092       0x48 App/main.o
                0x00000092                main
 .text.Init     0x000000da       0x84 App/System.o
                0x000000da                Init
 .text.Key      0x0000015e        0xa App/System.o
                0x0000015e                Key
 .text.System_Lock
                0x00000168       0x8a App/System.o
                0x00000168                System_Lock
 .text.Temperature
                0x000001f2       0x40 App/System.o
                0x000001f2                Temperature
 .text.Velocity
                0x00000232       0x26 App/System.o
                0x00000232                Velocity
 .text.User_Panel
                0x00000258      0x320 App/System.o
                0x00000258                User_Panel
 .text.Admin_Panel
                0x00000578      0x346 App/System.o
                0x00000578                Admin_Panel
 .text.User_Input_Bluetooth
                0x000008be      0x3d2 App/System.o
                0x000008be                User_Input_Bluetooth
 .text.User_Mode
                0x00000c90       0x8c App/System.o
                0x00000c90                User_Mode
 .text.KEYPAD_voidInit
                0x00000d1c       0xa6 HAL/KEYPAD/KEYPAD_prog.o
                0x00000d1c                KEYPAD_voidInit
 .text.KEYPAD_u8GetKey
                0x00000dc2       0xfa HAL/KEYPAD/KEYPAD_prog.o
                0x00000dc2                KEYPAD_u8GetKey
 .text.LCD_voidSHD
                0x00000ebc       0x64 HAL/LCD/LCD_prog.o
                0x00000ebc                LCD_voidSHD
 .text.LCD_voidSendEnable
                0x00000f20       0x22 HAL/LCD/LCD_prog.o
                0x00000f20                LCD_voidSendEnable
 .text.LCD_voidSendData
                0x00000f42       0x34 HAL/LCD/LCD_prog.o
                0x00000f42                LCD_voidSendData
 .text.LCD_voidSendCommand
                0x00000f76       0x34 HAL/LCD/LCD_prog.o
                0x00000f76                LCD_voidSendCommand
 .text.LCD_voidInit
                0x00000faa       0x3e HAL/LCD/LCD_prog.o
                0x00000faa                LCD_voidInit
 .text.LCD_voidSendString
                0x00000fe8       0x26 HAL/LCD/LCD_prog.o
                0x00000fe8                LCD_voidSendString
 .text.LCD_voidGotoxy
                0x0000100e       0x10 HAL/LCD/LCD_prog.o
                0x0000100e                LCD_voidGotoxy
 .text.LCD_voidDrawData
                0x0000101e       0x54 HAL/LCD/LCD_prog.o
                0x0000101e                LCD_voidDrawData
 .text.LCD_voidSendNumber
                0x00001072       0x94 HAL/LCD/LCD_prog.o
                0x00001072                LCD_voidSendNumber
 .text.SERVO_voidInit
                0x00001106       0x3a HAL/Servo/Servo_prog.o
                0x00001106                SERVO_voidInit
 .text.SERVO_voidMap
                0x00001140       0x40 HAL/Servo/Servo_prog.o
                0x00001140                SERVO_voidMap
 .text.ADC_voidInit
                0x00001180       0x20 MCAL/ADC/ADC_prog.o
                0x00001180                ADC_voidInit
 .text.ADC_u16ReadChannel
                0x000011a0       0x22 MCAL/ADC/ADC_prog.o
                0x000011a0                ADC_u16ReadChannel
 .text.DIO_voidSetPinDir
                0x000011c2       0xe6 MCAL/DIO/DIO_prog.o
                0x000011c2                DIO_voidSetPinDir
 .text.DIO_voidSetPinVal
                0x000012a8       0xe6 MCAL/DIO/DIO_prog.o
                0x000012a8                DIO_voidSetPinVal
 .text.DIO_u8ReadpinVal
                0x0000138e       0x5c MCAL/DIO/DIO_prog.o
                0x0000138e                DIO_u8ReadpinVal
 .text.DIO_voidSetPortDir
                0x000013ea       0x20 MCAL/DIO/DIO_prog.o
                0x000013ea                DIO_voidSetPortDir
 .text.GI_voidEnable
                0x0000140a        0x8 MCAL/GI/GI_prog.o
                0x0000140a                GI_voidEnable
 .text.TIM0_voidFastPWM
                0x00001412       0x70 MCAL/Timer0/TIM0_prog.o
                0x00001412                TIM0_voidFastPWM
 .text.__vector_11
                0x00001482       0x4e MCAL/Timer0/TIM0_prog.o
                0x00001482                __vector_11
 .text.__vector_10
                0x000014d0       0x4e MCAL/Timer0/TIM0_prog.o
                0x000014d0                __vector_10
 .text.__vector_9
                0x0000151e       0x4e MCAL/Timer1/TIM1_prog.o
                0x0000151e                __vector_9
 .text.__vector_8
                0x0000156c       0x4e MCAL/Timer1/TIM1_prog.o
                0x0000156c                __vector_8
 .text.__vector_5
                0x000015ba       0x4e MCAL/Timer2/TIM2_prog.o
                0x000015ba                __vector_5
 .text.__vector_4
                0x00001608       0x4e MCAL/Timer2/TIM2_prog.o
                0x00001608                __vector_4
 .text.UART_voidInit
                0x00001656       0x1c MCAL/UART/UART_prog.o
                0x00001656                UART_voidInit
 .text.UART_u8Rx
                0x00001672        0x8 MCAL/UART/UART_prog.o
                0x00001672                UART_u8Rx
 .text.__vector_13
                0x0000167a       0x1e MCAL/UART/UART_prog.o
                0x0000167a                __vector_13
 .text.avr-libc.fplib
                0x00001698        0xe c:/program files (x86)/atmel/studio/7.0/toolchain/avr8/avr8-gnu-toolchain/bin/../lib/gcc/avr/5.4.0/../../../../avr/lib/avr5\libm.a(addsf3.o)
                0x00001698                __subsf3
                0x0000169a                __addsf3
 .text.avr-libc.fplib
                0x000016a6       0xcc c:/program files (x86)/atmel/studio/7.0/toolchain/avr8/avr8-gnu-toolchain/bin/../lib/gcc/avr/5.4.0/../../../../avr/lib/avr5\libm.a(addsf3x.o)
                0x000016c8                __addsf3x
 .text.avr-libc.fplib
                0x00001772        0x8 c:/program files (x86)/atmel/studio/7.0/toolchain/avr8/avr8-gnu-toolchain/bin/../lib/gcc/avr/5.4.0/../../../../avr/lib/avr5\libm.a(divsf3.o)
                0x00001772                __divsf3
 .text.avr-libc.fplib
                0x0000177a       0xdc c:/program files (x86)/atmel/studio/7.0/toolchain/avr8/avr8-gnu-toolchain/bin/../lib/gcc/avr/5.4.0/../../../../avr/lib/avr5\libm.a(divsf3x.o)
                0x0000179a                __divsf3x
                0x000017a0                __divsf3_pse
 .text.avr-libc.fplib
                0x00001856       0x5e c:/program files (x86)/atmel/studio/7.0/toolchain/avr8/avr8-gnu-toolchain/bin/../lib/gcc/avr/5.4.0/../../../../avr/lib/avr5\libm.a(fixunssfsi.o)
                0x00001856                __fixunssfsi
 .text.avr-libc.fplib
                0x000018b4       0x7a c:/program files (x86)/atmel/studio/7.0/toolchain/avr8/avr8-gnu-toolchain/bin/../lib/gcc/avr/5.4.0/../../../../avr/lib/avr5\libm.a(floatsisf.o)
                0x000018b4                __floatunsisf
                0x000018b8                __floatsisf
 .text.avr-libc.fplib
                0x0000192e        0xc c:/program files (x86)/atmel/studio/7.0/toolchain/avr8/avr8-gnu-toolchain/bin/../lib/gcc/avr/5.4.0/../../../../avr/lib/avr5\libm.a(fp_inf.o)
                0x0000192e                __fp_inf
 .text.avr-libc.fplib
                0x0000193a        0x6 c:/program files (x86)/atmel/studio/7.0/toolchain/avr8/avr8-gnu-toolchain/bin/../lib/gcc/avr/5.4.0/../../../../avr/lib/avr5\libm.a(fp_nan.o)
                0x0000193a                __fp_nan
 .text.avr-libc.fplib
                0x00001940        0xe c:/program files (x86)/atmel/studio/7.0/toolchain/avr8/avr8-gnu-toolchain/bin/../lib/gcc/avr/5.4.0/../../../../avr/lib/avr5\libm.a(fp_pscA.o)
                0x00001940                __fp_pscA
 .text.avr-libc.fplib
                0x0000194e        0xe c:/program files (x86)/atmel/studio/7.0/toolchain/avr8/avr8-gnu-toolchain/bin/../lib/gcc/avr/5.4.0/../../../../avr/lib/avr5\libm.a(fp_pscB.o)
                0x0000194e                __fp_pscB
 .text.avr-libc.fplib
                0x0000195c       0x22 c:/program files (x86)/atmel/studio/7.0/toolchain/avr8/avr8-gnu-toolchain/bin/../lib/gcc/avr/5.4.0/../../../../avr/lib/avr5\libm.a(fp_round.o)
                0x0000195c                __fp_round
 .text.avr-libc.fplib
                0x0000197e       0x44 c:/program files (x86)/atmel/studio/7.0/toolchain/avr8/avr8-gnu-toolchain/bin/../lib/gcc/avr/5.4.0/../../../../avr/lib/avr5\libm.a(fp_split3.o)
                0x0000197e                __fp_split3
                0x0000198e                __fp_splitA
 .text.avr-libc.fplib
                0x000019c2        0xe c:/program files (x86)/atmel/studio/7.0/toolchain/avr8/avr8-gnu-toolchain/bin/../lib/gcc/avr/5.4.0/../../../../avr/lib/avr5\libm.a(fp_zero.o)
                0x000019c2                __fp_zero
                0x000019c4                __fp_szero
 .text.avr-libc.fplib
                0x000019d0        0x8 c:/program files (x86)/atmel/studio/7.0/toolchain/avr8/avr8-gnu-toolchain/bin/../lib/gcc/avr/5.4.0/../../../../avr/lib/avr5\libm.a(mulsf3.o)
                0x000019d0                __mulsf3
 .text.avr-libc.fplib
                0x000019d8       0xd2 c:/program files (x86)/atmel/studio/7.0/toolchain/avr8/avr8-gnu-toolchain/bin/../lib/gcc/avr/5.4.0/../../../../avr/lib/avr5\libm.a(mulsf3x.o)
                0x000019f6                __mulsf3x
                0x000019fc                __mulsf3_pse
 .text.libgcc.div
                0x00001aaa       0x28 c:/program files (x86)/atmel/studio/7.0/toolchain/avr8/avr8-gnu-toolchain/bin/../lib/gcc/avr/5.4.0/avr5\libgcc.a(_divmodhi4.o)
                0x00001aaa                _div
                0x00001aaa                __divmodhi4
 .text.libgcc.div
                0x00001ad2       0x44 c:/program files (x86)/atmel/studio/7.0/toolchain/avr8/avr8-gnu-toolchain/bin/../lib/gcc/avr/5.4.0/avr5\libgcc.a(_udivmodsi4.o)
                0x00001ad2                __udivmodsi4
 .text.libgcc.div
                0x00001b16       0x28 c:/program files (x86)/atmel/studio/7.0/toolchain/avr8/avr8-gnu-toolchain/bin/../lib/gcc/avr/5.4.0/avr5\libgcc.a(_udivmodhi4.o)
                0x00001b16                __udivmodhi4
                0x00001b3e                . = ALIGN (0x2)
 *(.fini9)
 .fini9         0x00001b3e        0x0 c:/program files (x86)/atmel/studio/7.0/toolchain/avr8/avr8-gnu-toolchain/bin/../lib/gcc/avr/5.4.0/avr5\libgcc.a(_exit.o)
                0x00001b3e                _exit
                0x00001b3e                exit
 *(.fini9)
 *(.fini8)
 *(.fini8)
 *(.fini7)
 *(.fini7)
 *(.fini6)
 *(.fini6)
 *(.fini5)
 *(.fini5)
 *(.fini4)
 *(.fini4)
 *(.fini3)
 *(.fini3)
 *(.fini2)
 *(.fini2)
 *(.fini1)
 *(.fini1)
 *(.fini0)
 .fini0         0x00001b3e        0x4 c:/program files (x86)/atmel/studio/7.0/toolchain/avr8/avr8-gnu-toolchain/bin/../lib/gcc/avr/5.4.0/avr5\libgcc.a(_exit.o)
 *(.fini0)
                0x00001b42                _etext = .

.data           0x00800060      0x1a2 load address 0x00001b42
                0x00800060                PROVIDE (__data_start, .)
 *(.data)
 *(.data*)
 .data.data4.1887
                0x00800060        0x8 App/System.o
 .data.data3.1886
                0x00800068        0x8 App/System.o
 .data.data5.1885
                0x00800070        0x8 App/System.o
 .data.data2.1884
                0x00800078        0x8 App/System.o
 .data.data1.1883
                0x00800080        0x8 App/System.o
 .data.user4    0x00800088        0x4 App/System.o
                0x00800088                user4
 .data.user3    0x0080008c        0x4 App/System.o
                0x0080008c                user3
 .data.user2    0x00800090        0x4 App/System.o
                0x00800090                user2
 .data.user1    0x00800094        0x4 App/System.o
                0x00800094                user1
 .data.Diffualt
                0x00800098        0x4 App/System.o
                0x00800098                Diffualt
 .data.keypad_arr
                0x0080009c       0x10 HAL/KEYPAD/KEYPAD_prog.o
                0x0080009c                keypad_arr
 *(.gnu.linkonce.d*)
 *(.rodata)
 *(.rodata*)
 .rodata.str1.1
                0x008000ac       0x1e App/main.o
 .rodata.str1.1
                0x008000ca      0x138 App/System.o
                                0x13c (size before relaxing)
 *(.gnu.linkonce.r*)
                0x00800202                . = ALIGN (0x2)
                0x00800202                _edata = .
                0x00800202                PROVIDE (__data_end, .)

.bss            0x00800202       0x13
                0x00800202                PROVIDE (__bss_start, .)
 *(.bss)
 *(.bss*)
 .bss.led_on    0x00800202        0x1 App/System.o
                0x00800202                led_on
 .bss.Number_of_Tries
                0x00800203        0x1 App/System.o
                0x00800203                Number_of_Tries
 .bss.TIM0_PTR  0x00800204        0x4 MCAL/Timer0/TIM0_prog.o
                0x00800204                TIM0_PTR
 .bss.TIM1_PTR  0x00800208        0x4 MCAL/Timer1/TIM1_prog.o
                0x00800208                TIM1_PTR
 .bss.TIM2_PTR  0x0080020c        0x4 MCAL/Timer2/TIM2_prog.o
                0x0080020c                TIM2_PTR
 .bss.data      0x00800210        0x1 MCAL/UART/UART_prog.o
                0x00800210                data
 *(COMMON)
 COMMON         0x00800211        0x4 App/System.o
                0x00800211                user_input
                0x00800215                PROVIDE (__bss_end, .)
                0x00001b42                __data_load_start = LOADADDR (.data)
                0x00001ce4                __data_load_end = (__data_load_start + SIZEOF (.data))

.noinit         0x00800215        0x0
                [!provide]                PROVIDE (__noinit_start, .)
 *(.noinit*)
                [!provide]                PROVIDE (__noinit_end, .)
                0x00800215                _end = .
                [!provide]                PROVIDE (__heap_start, .)

.eeprom         0x00810000        0x0
 *(.eeprom*)
                0x00810000                __eeprom_end = .

.fuse
 *(.fuse)
 *(.lfuse)
 *(.hfuse)
 *(.efuse)

.lock
 *(.lock*)

.signature
 *(.signature*)

.user_signatures
 *(.user_signatures*)

.stab
 *(.stab)

.stabstr
 *(.stabstr)

.stab.excl
 *(.stab.excl)

.stab.exclstr
 *(.stab.exclstr)

.stab.index
 *(.stab.index)

.stab.indexstr
 *(.stab.indexstr)

.comment        0x00000000       0x30
 *(.comment)
 .comment       0x00000000       0x30 App/main.o
                                 0x31 (size before relaxing)
 .comment       0x00000030       0x31 App/System.o
 .comment       0x00000030       0x31 HAL/KEYPAD/KEYPAD_prog.o
 .comment       0x00000030       0x31 HAL/LCD/LCD_prog.o
 .comment       0x00000030       0x31 HAL/Servo/Servo_prog.o
 .comment       0x00000030       0x31 MCAL/ADC/ADC_prog.o
 .comment       0x00000030       0x31 MCAL/DIO/DIO_prog.o
 .comment       0x00000030       0x31 MCAL/GI/GI_prog.o
 .comment       0x00000030       0x31 MCAL/Timer0/TIM0_prog.o
 .comment       0x00000030       0x31 MCAL/Timer1/TIM1_prog.o
 .comment       0x00000030       0x31 MCAL/Timer2/TIM2_prog.o
 .comment       0x00000030       0x31 MCAL/UART/UART_prog.o

.note.gnu.avr.deviceinfo
                0x00000000       0x3c
 .note.gnu.avr.deviceinfo
                0x00000000       0x3c C:/Program Files (x86)/Atmel/Studio/7.0/Packs/atmel/ATmega_DFP/1.7.374/gcc/dev/atmega32/avr5/crtatmega32.o

.note.gnu.build-id
 *(.note.gnu.build-id)

.debug
 *(.debug)

.line
 *(.line)

.debug_srcinfo
 *(.debug_srcinfo)

.debug_sfnames
 *(.debug_sfnames)

.debug_aranges  0x00000000      0x2e0
 *(.debug_aranges)
 .debug_aranges
                0x00000000       0x20 App/main.o
 .debug_aranges
                0x00000020       0x68 App/System.o
 .debug_aranges
                0x00000088       0x28 HAL/KEYPAD/KEYPAD_prog.o
 .debug_aranges
                0x000000b0       0x60 HAL/LCD/LCD_prog.o
 .debug_aranges
                0x00000110       0x28 HAL/Servo/Servo_prog.o
 .debug_aranges
                0x00000138       0x28 MCAL/ADC/ADC_prog.o
 .debug_aranges
                0x00000160       0x48 MCAL/DIO/DIO_prog.o
 .debug_aranges
                0x000001a8       0x28 MCAL/GI/GI_prog.o
 .debug_aranges
                0x000001d0       0x40 MCAL/Timer0/TIM0_prog.o
 .debug_aranges
                0x00000210       0x58 MCAL/Timer1/TIM1_prog.o
 .debug_aranges
                0x00000268       0x40 MCAL/Timer2/TIM2_prog.o
 .debug_aranges
                0x000002a8       0x38 MCAL/UART/UART_prog.o

.debug_pubnames
 *(.debug_pubnames)

.debug_info     0x00000000     0x3f9e
 *(.debug_info .gnu.linkonce.wi.*)
 .debug_info    0x00000000      0x4e6 C:/Program Files (x86)/Atmel/Studio/7.0/Packs/atmel/ATmega_DFP/1.7.374/gcc/dev/atmega32/avr5/crtatmega32.o
 .debug_info    0x000004e6      0x21f App/main.o
 .debug_info    0x00000705     0x2587 App/System.o
 .debug_info    0x00002c8c      0x307 HAL/KEYPAD/KEYPAD_prog.o
 .debug_info    0x00002f93      0x5fe HAL/LCD/LCD_prog.o
 .debug_info    0x00003591       0xda HAL/Servo/Servo_prog.o
 .debug_info    0x0000366b       0xc4 MCAL/ADC/ADC_prog.o
 .debug_info    0x0000372f      0x1e9 MCAL/DIO/DIO_prog.o
 .debug_info    0x00003918       0xa6 MCAL/GI/GI_prog.o
 .debug_info    0x000039be      0x174 MCAL/Timer0/TIM0_prog.o
 .debug_info    0x00003b32      0x1e9 MCAL/Timer1/TIM1_prog.o
 .debug_info    0x00003d1b      0x174 MCAL/Timer2/TIM2_prog.o
 .debug_info    0x00003e8f      0x10f MCAL/UART/UART_prog.o

.debug_abbrev   0x00000000     0x103a
 *(.debug_abbrev)
 .debug_abbrev  0x00000000      0x4a3 C:/Program Files (x86)/Atmel/Studio/7.0/Packs/atmel/ATmega_DFP/1.7.374/gcc/dev/atmega32/avr5/crtatmega32.o
 .debug_abbrev  0x000004a3      0x126 App/main.o
 .debug_abbrev  0x000005c9      0x24b App/System.o
 .debug_abbrev  0x00000814      0x15b HAL/KEYPAD/KEYPAD_prog.o
 .debug_abbrev  0x0000096f      0x1a1 HAL/LCD/LCD_prog.o
 .debug_abbrev  0x00000b10       0x7a HAL/Servo/Servo_prog.o
 .debug_abbrev  0x00000b8a       0x6d MCAL/ADC/ADC_prog.o
 .debug_abbrev  0x00000bf7       0xa9 MCAL/DIO/DIO_prog.o
 .debug_abbrev  0x00000ca0       0x46 MCAL/GI/GI_prog.o
 .debug_abbrev  0x00000ce6       0xc0 MCAL/Timer0/TIM0_prog.o
 .debug_abbrev  0x00000da6       0xf2 MCAL/Timer1/TIM1_prog.o
 .debug_abbrev  0x00000e98       0xda MCAL/Timer2/TIM2_prog.o
 .debug_abbrev  0x00000f72       0xc8 MCAL/UART/UART_prog.o

.debug_line     0x00000000     0x22bf
 *(.debug_line .debug_line.* .debug_line_end)
 .debug_line    0x00000000      0x116 C:/Program Files (x86)/Atmel/Studio/7.0/Packs/atmel/ATmega_DFP/1.7.374/gcc/dev/atmega32/avr5/crtatmega32.o
 .debug_line    0x00000116      0x1a4 App/main.o
 .debug_line    0x000002ba     0x102c App/System.o
 .debug_line    0x000012e6      0x25f HAL/KEYPAD/KEYPAD_prog.o
 .debug_line    0x00001545      0x38e HAL/LCD/LCD_prog.o
 .debug_line    0x000018d3       0xca HAL/Servo/Servo_prog.o
 .debug_line    0x0000199d       0xc4 MCAL/ADC/ADC_prog.o
 .debug_line    0x00001a61      0x1dc MCAL/DIO/DIO_prog.o
 .debug_line    0x00001c3d       0x7f MCAL/GI/GI_prog.o
 .debug_line    0x00001cbc      0x171 MCAL/Timer0/TIM0_prog.o
 .debug_line    0x00001e2d      0x228 MCAL/Timer1/TIM1_prog.o
 .debug_line    0x00002055      0x178 MCAL/Timer2/TIM2_prog.o
 .debug_line    0x000021cd       0xf2 MCAL/UART/UART_prog.o

.debug_frame    0x00000000      0x740
 *(.debug_frame)
 .debug_frame   0x00000000       0x24 App/main.o
 .debug_frame   0x00000024       0xf8 App/System.o
 .debug_frame   0x0000011c       0x8c HAL/KEYPAD/KEYPAD_prog.o
 .debug_frame   0x000001a8      0x118 HAL/LCD/LCD_prog.o
 .debug_frame   0x000002c0       0x34 HAL/Servo/Servo_prog.o
 .debug_frame   0x000002f4       0x34 MCAL/ADC/ADC_prog.o
 .debug_frame   0x00000328       0x74 MCAL/DIO/DIO_prog.o
 .debug_frame   0x0000039c       0x34 MCAL/GI/GI_prog.o
 .debug_frame   0x000003d0       0xf4 MCAL/Timer0/TIM0_prog.o
 .debug_frame   0x000004c4      0x124 MCAL/Timer1/TIM1_prog.o
 .debug_frame   0x000005e8       0xf4 MCAL/Timer2/TIM2_prog.o
 .debug_frame   0x000006dc       0x64 MCAL/UART/UART_prog.o

.debug_str      0x00000000      0xa7f
 *(.debug_str)
 .debug_str     0x00000000      0x196 C:/Program Files (x86)/Atmel/Studio/7.0/Packs/atmel/ATmega_DFP/1.7.374/gcc/dev/atmega32/avr5/crtatmega32.o
 .debug_str     0x00000196      0x211 App/main.o
                                0x24a (size before relaxing)
 .debug_str     0x000003a7      0x244 App/System.o
                                0x47b (size before relaxing)
 .debug_str     0x000005eb       0xa9 HAL/KEYPAD/KEYPAD_prog.o
                                0x276 (size before relaxing)
 .debug_str     0x00000694       0xaa HAL/LCD/LCD_prog.o
                                0x31a (size before relaxing)
 .debug_str     0x0000073e       0x3b HAL/Servo/Servo_prog.o
                                0x1df (size before relaxing)
 .debug_str     0x00000779       0x8c MCAL/ADC/ADC_prog.o
                                0x1db (size before relaxing)
 .debug_str     0x00000805       0x76 MCAL/DIO/DIO_prog.o
                                0x253 (size before relaxing)
 .debug_str     0x0000087b       0x24 MCAL/GI/GI_prog.o
                                0x1b9 (size before relaxing)
 .debug_str     0x0000089f       0x70 MCAL/Timer0/TIM0_prog.o
                                0x211 (size before relaxing)
 .debug_str     0x0000090f       0xcc MCAL/Timer1/TIM1_prog.o
                                0x273 (size before relaxing)
 .debug_str     0x000009db       0x67 MCAL/Timer2/TIM2_prog.o
                                0x20d (size before relaxing)
 .debug_str     0x00000a42       0x3d MCAL/UART/UART_prog.o
                                0x1e1 (size before relaxing)

.debug_loc      0x00000000     0x217f
 *(.debug_loc)
 .debug_loc     0x00000000       0x48 App/main.o
 .debug_loc     0x00000048      0xe89 App/System.o
 .debug_loc     0x00000ed1      0x230 HAL/KEYPAD/KEYPAD_prog.o
 .debug_loc     0x00001101      0x571 HAL/LCD/LCD_prog.o
 .debug_loc     0x00001672       0x47 HAL/Servo/Servo_prog.o
 .debug_loc     0x000016b9       0x21 MCAL/ADC/ADC_prog.o
 .debug_loc     0x000016da      0x30c MCAL/DIO/DIO_prog.o
 .debug_loc     0x000019e6      0x233 MCAL/Timer0/TIM0_prog.o
 .debug_loc     0x00001c19      0x2b4 MCAL/Timer1/TIM1_prog.o
 .debug_loc     0x00001ecd      0x276 MCAL/Timer2/TIM2_prog.o
 .debug_loc     0x00002143       0x3c MCAL/UART/UART_prog.o

.debug_macinfo
 *(.debug_macinfo)

.debug_weaknames
 *(.debug_weaknames)

.debug_funcnames
 *(.debug_funcnames)

.debug_typenames
 *(.debug_typenames)

.debug_varnames
 *(.debug_varnames)

.debug_pubtypes
 *(.debug_pubtypes)

.debug_ranges   0x00000000      0x280
 *(.debug_ranges)
 .debug_ranges  0x00000000       0x10 App/main.o
 .debug_ranges  0x00000010       0xb8 App/System.o
 .debug_ranges  0x000000c8       0x18 HAL/KEYPAD/KEYPAD_prog.o
 .debug_ranges  0x000000e0       0x50 HAL/LCD/LCD_prog.o
 .debug_ranges  0x00000130       0x18 HAL/Servo/Servo_prog.o
 .debug_ranges  0x00000148       0x18 MCAL/ADC/ADC_prog.o
 .debug_ranges  0x00000160       0x38 MCAL/DIO/DIO_prog.o
 .debug_ranges  0x00000198       0x18 MCAL/GI/GI_prog.o
 .debug_ranges  0x000001b0       0x30 MCAL/Timer0/TIM0_prog.o
 .debug_ranges  0x000001e0       0x48 MCAL/Timer1/TIM1_prog.o
 .debug_ranges  0x00000228       0x30 MCAL/Timer2/TIM2_prog.o
 .debug_ranges  0x00000258       0x28 MCAL/UART/UART_prog.o

.debug_macro
 *(.debug_macro)
OUTPUT(SMART_HOME.elf elf32-avr)
LOAD linker stubs
